2026-08-17T18:01:30Z INF Thank you for trying Cloudflare Tunnel. Doing so, without a Cloudflare account, is a quick way to experiment and try it out. However, be aware that these account-less Tunnels have no uptime guarantee, are subject to the Cloudflare Online Services Terms of Use (https://www.cloudflare.com/website-terms/), and Cloudflare reserves the right to investigate your use of Tunnels for violations of such terms. If you intend to use Tunnels in production you should use a pre-created named tunnel by following: https://developers.cloudflare.com/cloudflare-one/connections/connect-apps
2026-08-17T18:01:30Z INF Requesting new quick Tunnel on trycloudflare.com...
2026-08-17T18:01:39Z INF +--------------------------------------------------------------------------------------------+
2026-08-17T18:01:39Z INF |  Your quick Tunnel has been created! Visit it at (it may take some time to be reachable):  |
2026-08-17T18:01:39Z INF |  https://federal-secretary-courier-equipped.trycloudflare.com                              |
2026-08-17T18:01:39Z INF +--------------------------------------------------------------------------------------------+
2026-08-17T18:01:39Z INF Cannot determine default configuration path. No file [config.yml config.yaml] in [~/.cloudflared ~/.cloudflare-warp ~/cloudflare-warp]
2026-08-17T18:01:39Z INF Version 2026.7.3 (Checksum 8635da433b6df8194746e88ed9d2589566c20e38bfc2a80e431a348b7c765841)
2026-08-17T18:01:39Z INF GOOS: windows, GOVersion: go1.26.4, GoArch: amd64
2026-08-17T18:01:39Z INF Settings: map[ha-connections:1 no-autoupdate:true protocol:quic url:http://localhost:3000]
2026-08-17T18:01:39Z INF cloudflared will not automatically update on Windows systems.
2026-08-17T18:01:39Z INF Generated Connector ID: 3e2edc59-a099-4745-8e36-49090dfb9ccf
2026-08-17T18:01:39Z INF Initial protocol quic
2026-08-17T18:01:39Z INF ICMP proxy will use 192.168.29.65 as source for IPv4
2026-08-17T18:01:39Z INF ICMP proxy will use 2405:201:8011:8137:7174:1f90:edaa:4025 in zone Wi-Fi as source for IPv6
2026-08-17T18:01:39Z INF cloudflared does not support loading the system root certificate pool on Windows. Please use --origin-ca-pool <PATH> to specify the path to the certificate pool
2026-08-17T18:01:39Z INF ICMP proxy will use 192.168.29.65 as source for IPv4
2026-08-17T18:01:39Z INF Tunnel connection curve preferences: [X25519MLKEM768 CurveID(65074) CurveP256] connIndex=0 event=0 ip=2606:4700:a0::4
2026-08-17T18:01:39Z INF ICMP proxy will use 2405:201:8011:8137:7174:1f90:edaa:4025 in zone Wi-Fi as source for IPv6
2026-08-17T18:01:39Z INF Starting metrics server on 127.0.0.1:20241/metrics
2026-08-17T18:01:39Z INF +-------------------------------------------------------------------------------------+
2026-08-17T18:01:39Z INF |                               CONNECTIVITY PRE-CHECKS                               |
2026-08-17T18:01:39Z INF +-------------------------------------------------------------------------------------+
2026-08-17T18:01:39Z INF |  COMPONENT         TARGET                     STATUS  DETAILS                       |
2026-08-17T18:01:39Z INF |  DNS Resolution    region1.v2.argotunnel.com  PASS    DNS Resolved successfully     |
2026-08-17T18:01:39Z INF |  DNS Resolution    region2.v2.argotunnel.com  PASS    DNS Resolved successfully     |
2026-08-17T18:01:39Z INF |  UDP Connectivity  region1.v2.argotunnel.com  PASS    QUIC connection successful    |
2026-08-17T18:01:39Z INF |  UDP Connectivity  region2.v2.argotunnel.com  PASS    QUIC connection successful    |
2026-08-17T18:01:39Z INF |  TCP Connectivity  region1.v2.argotunnel.com  PASS    HTTP/2 connection successful  |
2026-08-17T18:01:39Z INF |  TCP Connectivity  region2.v2.argotunnel.com  PASS    HTTP/2 connection successful  |
2026-08-17T18:01:39Z INF |  Cloudflare API    api.cloudflare.com:443     PASS    API is reachable              |
2026-08-17T18:01:39Z INF |                                                                                     |
2026-08-17T18:01:39Z INF |  SUMMARY: Environment is healthy. cloudflared will use 'quic' as primary protocol.  |
2026-08-17T18:01:39Z INF +-------------------------------------------------------------------------------------+
2026-08-17T18:01:39Z INF precheck component="DNS Resolution" details="DNS Resolved successfully" run_id=f7ad485b-2186-4c28-b1ac-9b3375d8356f status=pass target=region1.v2.argotunnel.com
2026-08-17T18:01:39Z INF precheck component="DNS Resolution" details="DNS Resolved successfully" run_id=f7ad485b-2186-4c28-b1ac-9b3375d8356f status=pass target=region2.v2.argotunnel.com
2026-08-17T18:01:39Z INF precheck component="UDP Connectivity" details="QUIC connection successful" run_id=f7ad485b-2186-4c28-b1ac-9b3375d8356f status=pass target=region1.v2.argotunnel.com
2026-08-17T18:01:39Z INF precheck component="UDP Connectivity" details="QUIC connection successful" run_id=f7ad485b-2186-4c28-b1ac-9b3375d8356f status=pass target=region2.v2.argotunnel.com
2026-08-17T18:01:39Z INF precheck component="TCP Connectivity" details="HTTP/2 connection successful" run_id=f7ad485b-2186-4c28-b1ac-9b3375d8356f status=pass target=region1.v2.argotunnel.com
2026-08-17T18:01:39Z INF precheck component="TCP Connectivity" details="HTTP/2 connection successful" run_id=f7ad485b-2186-4c28-b1ac-9b3375d8356f status=pass target=region2.v2.argotunnel.com
2026-08-17T18:01:39Z INF precheck component="Cloudflare API" details="API is reachable" run_id=f7ad485b-2186-4c28-b1ac-9b3375d8356f status=pass target=api.cloudflare.com:443
2026-08-17T18:01:39Z INF precheck complete hard_fail=false run_id=f7ad485b-2186-4c28-b1ac-9b3375d8356f suggested_protocol=quic
2026-08-17T18:01:40Z INF Registered tunnel connection connIndex=0 connection=649d9472-d1d6-4129-a6d3-f182eb8b14d2 event=0 ip=2606:4700:a0::4 location=bom03 protocol=quic
2026-08-17T18:27:05Z ERR failed to run the datagram handler error="timeout: no recent network activity" connIndex=0 event=0 ip=2606:4700:a0::4
2026-08-17T18:27:05Z ERR failed to accept incoming stream requests error="failed to accept QUIC stream: timeout: no recent network activity" connIndex=0 event=0 ip=2606:4700:a0::4
2026-08-17T18:27:05Z ERR failed to serve tunnel connection error="datagram manager encountered a failure while serving" connIndex=0 event=0 ip=2606:4700:a0::4
2026-08-17T18:27:05Z ERR Serve tunnel error error="datagram manager encountered a failure while serving" connIndex=0 event=0 ip=2606:4700:a0::4
2026-08-17T18:27:05Z INF Retrying connection in up to 1s connIndex=0 event=0 ip=2606:4700:a0::4
2026-08-17T18:27:06Z INF Tunnel connection curve preferences: [X25519MLKEM768 CurveID(65074) CurveP256] connIndex=0 event=0 ip=2606:4700:a0::4
2026-08-17T18:27:11Z ERR Failed to dial a quic connection error="failed to dial to edge with quic: timeout: no recent network activity" connIndex=0 event=0 ip=2606:4700:a0::4
2026-08-17T18:27:11Z INF Retrying connection in up to 4s connIndex=0 event=0 ip=2606:4700:a0::4
2026-08-17T18:27:15Z INF Tunnel connection curve preferences: [X25519MLKEM768 CurveID(65074) CurveP256] connIndex=0 event=0 ip=198.41.192.47
2026-08-17T18:27:15Z INF Registered tunnel connection connIndex=0 connection=b3c4823d-1809-49ab-8316-1c5c22002819 event=0 ip=198.41.192.47 location=bom03 protocol=quic
